---
source: elem/src/reconcile.rs
expression: instructions
---
[
  [
    3,
    531638123,
    "value",
    112.0
  ],
  [
    4,
    [
      -210358393
    ]
  ],
  [
    5
  ]
]
